/home/user/unwind-live-verified/.venv/lib/python3.12/site-packages/google/cloud/firestore_v1/base_collection.py:317: UserWarning: Detected filter using positional arguments. Prefer using the 'filter' keyword argument instead.
  return query.where(field_path, op_string, value)
Traceback (most recent call last):
  File "/home/user/unwind-live-verified/evidence/browser/verify_all_cards.py", line 254, in <module>
    sys.exit(main())
             ^^^^^^
  File "/home/user/unwind-live-verified/evidence/browser/verify_all_cards.py", line 81, in main
    page.goto(BASE, wait_until="networkidle")
  File "/home/user/unwind-live-verified/.venv/lib/python3.12/site-packages/playwright/sync_api/_generated.py", line 9875, in goto
    self._sync(
  File "/home/user/unwind-live-verified/.venv/lib/python3.12/site-packages/playwright/_impl/_sync_base.py", line 115, in _sync
    return task.result()
           ^^^^^^^^^^^^^
  File "/home/user/unwind-live-verified/.venv/lib/python3.12/site-packages/playwright/_impl/_page.py", line 560, in goto
    return await self._main_frame.goto(**locals_to_params(locals()))
           ^^^^^^^^^^^^^^^^^^^^^^^^^^^^^^^^^^^^^^^^^^^^^^^^^^^^^^^^^
  File "/home/user/unwind-live-verified/.venv/lib/python3.12/site-packages/playwright/_impl/_frame.py", line 156, in goto
    await self._channel.send(
  File "/home/user/unwind-live-verified/.venv/lib/python3.12/site-packages/playwright/_impl/_connection.py", line 76, in send
    return await self._connection.wrap_api_call(
           ^^^^^^^^^^^^^^^^^^^^^^^^^^^^^^^^^^^^^
  File "/home/user/unwind-live-verified/.venv/lib/python3.12/site-packages/playwright/_impl/_connection.py", line 632, in wrap_api_call
    raise rewrite_error(error, f"{parsed_st['apiName']}: {error}") from None
playwright._impl._errors.Error: Page.goto: net::ERR_CONNECTION_REFUSED at http://127.0.0.1:8099/
Call log:
  - navigating to "http://127.0.0.1:8099/", waiting until "networkidle"

