tests/test_mission_failure_recovery.py::test_a_hung_worker_does_not_hang_the_mission PASSED [  0%]
tests/test_mission_failure_recovery.py::test_the_timeout_ceiling_is_actually_read_from_the_constant PASSED [  1%]
tests/test_mission_failure_recovery.py::test_a_raising_worker_is_retried_exactly_the_budget_and_no_more PASSED [  2%]
tests/test_mission_failure_recovery.py::test_a_transient_failure_that_recovers_on_the_retry_succeeds PASSED [  3%]
tests/test_mission_failure_recovery.py::test_an_unknown_tool_is_not_retried PASSED [  3%]
tests/test_mission_failure_recovery.py::test_a_structurally_plausible_lie_is_rejected_before_it_reaches_ctx PASSED [  4%]
tests/test_mission_failure_recovery.py::test_a_faulted_step_leaves_the_mission_visibly_failed_safe PASSED [  5%]
tests/test_mission_failure_recovery.py::test_a_rejected_result_never_reaches_the_mission_context PASSED [  6%]
tests/test_mission_failure_recovery.py::test_the_phase_queue_has_a_ceiling_and_refuses_past_it PASSED [  6%]
tests/test_mission_failure_recovery.py::test_the_ceiling_is_far_above_a_real_mission PASSED [  7%]
tests/test_mission_failure_recovery.py::test_an_unknown_phase_raises_rather_than_being_skipped PASSED [  8%]
tests/test_mission_failure_recovery.py::test_the_retry_budget_is_bounded_and_small PASSED [  9%]
tests/test_fleet_contracts.py::test_the_real_tools_satisfy_their_own_contracts PASSED [  9%]
tests/test_fleet_contracts.py::test_a_coverage_figure_that_does_not_follow_from_its_counts_is_rejected PASSED [ 10%]
tests/test_fleet_contracts.py::test_completeness_must_equal_parsed_over_total PASSED [ 11%]
tests/test_fleet_contracts.py::test_a_verifier_cannot_claim_success_while_listing_mismatches PASSED [ 12%]
tests/test_fleet_contracts.py::test_a_verifier_cannot_fail_without_saying_why PASSED [ 12%]
tests/test_fleet_contracts.py::test_a_verdict_must_agree_with_the_findings_beside_it PASSED [ 13%]
tests/test_fleet_contracts.py::test_risk_may_not_name_an_agent_the_evidence_never_mentioned PASSED [ 14%]
tests/test_fleet_contracts.py::test_risk_may_not_cite_a_request_id_the_evidence_does_not_contain PASSED [ 15%]
tests/test_fleet_contracts.py::test_a_grounding_check_with_no_input_is_skipped_not_passed PASSED [ 15%]
tests/test_fleet_contracts.py::test_a_correction_may_not_target_a_request_risk_never_escalated PASSED [ 16%]
tests/test_fleet_contracts.py::test_a_mutating_proposal_must_carry_an_idempotency_key_and_a_reversal PASSED [ 17%]
tests/test_fleet_contracts.py::test_a_no_action_proposal_needs_neither PASSED [ 18%]
tests/test_fleet_contracts.py::test_a_reconciler_may_not_rule_on_a_claim_nobody_contradicted PASSED [ 18%]
tests/test_fleet_contracts.py::test_a_missing_required_key_is_a_violation PASSED [ 19%]
tests/test_fleet_contracts.py::test_a_bool_is_not_accepted_where_a_number_is_required PASSED [ 20%]
tests/test_fleet_contracts.py::test_an_invented_verdict_is_refused PASSED [ 21%]
tests/test_fleet_contracts.py::test_free_text_is_refused_at_the_root PASSED [ 21%]
tests/test_fleet_contracts.py::test_a_tool_with_no_declared_contract_is_refused_rather_than_trusted PASSED [ 22%]
tests/test_fleet_contracts.py::test_every_registered_tool_has_a_contract PASSED [ 23%]
tests/test_fleet_contracts.py::test_contract_summary_is_generated_from_the_tables_the_checks_read PASSED [ 24%]
tests/test_recall_guard.py::test_no_knowledge_record_can_widen_scope PASSED [ 25%]
tests/test_recall_guard.py::test_a_directive_with_an_undeclared_field_is_refused PASSED [ 25%]
tests/test_recall_guard.py::test_a_non_empty_directive_must_name_where_it_came_from PASSED [ 26%]
tests/test_recall_guard.py::test_an_unknown_risk_class_is_refused PASSED [ 27%]
tests/test_recall_guard.py::test_raise_to_never_lowers_a_risk_class[LOW-LOW] PASSED [ 28%]
tests/test_recall_guard.py::test_raise_to_never_lowers_a_risk_class[LOW-MEDIUM] PASSED [ 28%]
tests/test_recall_guard.py::test_raise_to_never_lowers_a_risk_class[LOW-HIGH] PASSED [ 29%]
tests/test_recall_guard.py::test_raise_to_never_lowers_a_risk_class[LOW-CRITICAL] PASSED [ 30%]
tests/test_recall_guard.py::test_raise_to_never_lowers_a_risk_class[MEDIUM-LOW] PASSED [ 31%]
tests/test_recall_guard.py::test_raise_to_never_lowers_a_risk_class[MEDIUM-MEDIUM] PASSED [ 31%]
tests/test_recall_guard.py::test_raise_to_never_lowers_a_risk_class[MEDIUM-HIGH] PASSED [ 32%]
tests/test_recall_guard.py::test_raise_to_never_lowers_a_risk_class[MEDIUM-CRITICAL] PASSED [ 33%]
tests/test_recall_guard.py::test_raise_to_never_lowers_a_risk_class[HIGH-LOW] PASSED [ 34%]
tests/test_recall_guard.py::test_raise_to_never_lowers_a_risk_class[HIGH-MEDIUM] PASSED [ 34%]
tests/test_recall_guard.py::test_raise_to_never_lowers_a_risk_class[HIGH-HIGH] PASSED [ 35%]
tests/test_recall_guard.py::test_raise_to_never_lowers_a_risk_class[HIGH-CRITICAL] PASSED [ 36%]
tests/test_recall_guard.py::test_raise_to_never_lowers_a_risk_class[CRITICAL-LOW] PASSED [ 37%]
tests/test_recall_guard.py::test_raise_to_never_lowers_a_risk_class[CRITICAL-MEDIUM] PASSED [ 37%]
tests/test_recall_guard.py::test_raise_to_never_lowers_a_risk_class[CRITICAL-HIGH] PASSED [ 38%]
tests/test_recall_guard.py::test_raise_to_never_lowers_a_risk_class[CRITICAL-CRITICAL] PASSED [ 39%]
tests/test_recall_guard.py::test_an_unrecognised_current_class_is_left_alone_not_replaced PASSED [ 40%]
tests/test_recall_guard.py::test_a_poisoned_record_asking_for_scope_produces_no_grant PASSED [ 40%]
tests/test_recall_guard.py::test_an_injected_instruction_is_screened_out_even_at_observed_standing PASSED [ 41%]
tests/test_recall_guard.py::test_every_grant_marker_screens_untrusted[may access] PASSED [ 42%]
tests/test_recall_guard.py::test_every_grant_marker_screens_untrusted[is permitted to] PASSED [ 43%]
tests/test_recall_guard.py::test_every_grant_marker_screens_untrusted[grant ] PASSED [ 43%]
tests/test_recall_guard.py::test_every_grant_marker_screens_untrusted[grants ] PASSED [ 44%]
tests/test_recall_guard.py::test_every_grant_marker_screens_untrusted[allow ] PASSED [ 45%]
tests/test_recall_guard.py::test_every_grant_marker_screens_untrusted[allows ] PASSED [ 46%]
tests/test_recall_guard.py::test_every_grant_marker_screens_untrusted[authorise] PASSED [ 46%]
tests/test_recall_guard.py::test_every_grant_marker_screens_untrusted[authorize] PASSED [ 47%]
tests/test_recall_guard.py::test_every_grant_marker_screens_untrusted[approve ] PASSED [ 48%]
tests/test_recall_guard.py::test_every_grant_marker_screens_untrusted[approved by] PASSED [ 49%]
tests/test_recall_guard.py::test_every_grant_marker_screens_untrusted[ignore previous] PASSED [ 50%]
tests/test_recall_guard.py::test_every_grant_marker_screens_untrusted[disregard] PASSED [ 50%]
tests/test_recall_guard.py::test_every_grant_marker_screens_untrusted[you must] PASSED [ 51%]
tests/test_recall_guard.py::test_every_grant_marker_screens_untrusted[override] PASSED [ 52%]
tests/test_recall_guard.py::test_every_grant_marker_screens_untrusted[escalate to] PASSED [ 53%]
tests/test_recall_guard.py::test_every_grant_marker_screens_untrusted[bypass] PASSED [ 53%]
tests/test_recall_guard.py::test_every_grant_marker_screens_untrusted[no approval] PASSED [ 54%]
tests/test_recall_guard.py::test_every_grant_marker_screens_untrusted[skip the gate] PASSED [ 55%]
tests/test_recall_guard.py::test_a_genuine_distilled_statement_does_not_screen_untrusted PASSED [ 56%]
tests/test_recall_guard.py::test_the_distiller_never_produces_grant_language PASSED [ 56%]
tests/test_recall_guard.py::test_a_prior_isolation_raises_the_risk_floor_and_nothing_else PASSED [ 57%]
tests/test_recall_guard.py::test_a_prior_dispute_requires_verification_and_does_not_raise_the_floor PASSED [ 58%]
tests/test_recall_guard.py::test_low_prior_coverage_requires_verification PASSED [ 59%]
tests/test_recall_guard.py::test_good_prior_coverage_changes_nothing PASSED [ 59%]
tests/test_recall_guard.py::test_an_empty_retrieval_produces_an_empty_directive PASSED [ 60%]
tests/test_recall_guard.py::test_apply_scrutiny_never_lowers_a_risk_class_or_adds_scope PASSED [ 61%]
tests/test_recall_guard.py::test_apply_scrutiny_cannot_push_a_plan_past_the_step_ceiling PASSED [ 62%]
tests/test_recall_index.py::test_retrieval_selects_rather_than_loading PASSED [ 62%]
tests/test_recall_index.py::test_the_character_budget_binds_and_the_result_says_so PASSED [ 63%]
tests/test_recall_index.py::test_retrieval_is_deterministic PASSED       [ 64%]
tests/test_recall_index.py::test_every_selected_record_carries_its_provenance PASSED [ 65%]
tests/test_recall_index.py::test_a_subject_filter_removes_records_before_they_are_scored PASSED [ 65%]
tests/test_recall_index.py::test_a_kind_filter_narrows_to_one_record_type PASSED [ 66%]
tests/test_recall_index.py::test_an_age_filter_excludes_stale_knowledge PASSED [ 67%]
tests/test_recall_index.py::test_untrusted_records_are_excluded_unless_asked_for_by_name PASSED [ 68%]
tests/test_recall_index.py::test_a_subject_match_outranks_a_prose_mention PASSED [ 68%]
tests/test_recall_index.py::test_recency_breaks_ties_and_does_not_promote_a_worse_match PASSED [ 69%]
tests/test_recall_index.py::test_a_query_with_no_matching_term_returns_nothing_rather_than_the_top_of_the_list PASSED [ 70%]
tests/test_recall_index.py::test_an_empty_query_retrieves_nothing PASSED [ 71%]
tests/test_recall_index.py::test_an_empty_corpus_is_honestly_empty PASSED [ 71%]
tests/test_recall_index.py::test_identifiers_survive_tokenization_whole PASSED [ 72%]
tests/test_recall_index.py::test_stopwords_are_dropped_and_the_list_is_short PASSED [ 73%]
tests/test_recall_mission.py::test_a_mission_writes_what_it_measured_into_the_knowledge_store PASSED [ 74%]
tests/test_recall_mission.py::test_the_first_mission_consults_an_empty_store_and_says_so PASSED [ 75%]
tests/test_recall_mission.py::test_the_second_mission_plans_differently_because_of_the_first PASSED [ 75%]
tests/test_recall_mission.py::test_the_second_mission_retrieves_a_subset_not_the_whole_store PASSED [ 76%]
tests/test_recall_mission.py::test_recalled_influence_is_recorded_in_the_durable_checkpoint PASSED [ 77%]
tests/test_recall_mission.py::test_knowledge_is_written_after_the_report_so_a_mission_cannot_cite_itself PASSED [ 78%]
tests/test_recall_mission.py::test_records_are_content_addressed_so_a_replay_does_not_duplicate_them PASSED [ 78%]
tests/test_recall_mission.py::test_an_unreachable_knowledge_store_does_not_stop_a_mission PASSED [ 79%]
tests/test_recall_mission.py::test_a_poisoned_record_in_the_live_store_changes_nothing PASSED [ 80%]
tests/test_recall_api.py::test_recall_routes_refuse_an_anonymous_caller[/api/recall/corpus] PASSED [ 81%]
tests/test_recall_api.py::test_recall_routes_refuse_an_anonymous_caller[/api/recall/search?q=fleet_recon] PASSED [ 81%]
tests/test_recall_api.py::test_recall_routes_refuse_an_anonymous_caller[/api/recall/mission/mission_x] PASSED [ 82%]
tests/test_recall_api.py::test_there_is_no_write_route_into_the_knowledge_store PASSED [ 83%]
tests/test_recall_api.py::test_search_reports_what_it_left_behind_not_only_what_it_returned PASSED [ 84%]
tests/test_recall_api.py::test_the_mission_route_shows_both_what_was_consulted_and_what_was_produced PASSED [ 84%]
tests/test_recall_api.py::test_an_unknown_mission_is_a_404_not_an_empty_success PASSED [ 85%]
tests/test_recall_api.py::test_an_unknown_record_kind_is_rejected_rather_than_ignored PASSED [ 86%]
tests/test_recall_api.py::test_the_corpus_route_counts_what_is_there_and_says_when_it_truncated PASSED [ 87%]
tests/test_recall_api.py::test_the_architecture_proof_matches_the_registry_it_describes PASSED [ 87%]
tests/test_recall_api.py::test_the_architecture_proof_reports_the_real_bounds PASSED [ 88%]
tests/test_recall_api.py::test_the_architecture_proof_lists_a_contract_for_every_tool PASSED [ 89%]
tests/test_recall_api.py::test_the_architecture_proof_shows_the_directive_has_no_widening_field PASSED [ 90%]
tests/test_reconcile.py::test_the_committed_evidence_settles_one_claim_and_disputes_another PASSED [ 90%]
tests/test_reconcile.py::test_the_settled_claim_names_the_authority_that_settled_it PASSED [ 91%]
tests/test_reconcile.py::test_the_dispute_carries_both_candidate_answers_and_neither_is_chosen PASSED [ 92%]
tests/test_reconcile.py::test_the_dispute_is_the_one_the_operator_flagged_by_hand PASSED [ 93%]
tests/test_reconcile.py::test_a_predicate_with_no_authority_ladder_is_disputed_not_decided_by_recency PASSED [ 93%]
tests/test_reconcile.py::test_an_authority_that_contradicts_itself_is_disputed PASSED [ 94%]
tests/test_reconcile.py::test_no_contradictions_produces_no_rulings_at_all PASSED [ 95%]
tests/test_reconcile.py::test_the_authority_ladder_is_per_predicate_not_global PASSED [ 96%]
tests/test_reconcile.py::test_the_tool_is_a_pure_function PASSED         [ 96%]
tests/test_reconcile.py::test_the_reconcile_phase_runs_only_when_the_evidence_contradicts_itself PASSED [ 97%]
tests/test_reconcile.py::test_the_reconciler_is_a_distinct_principal_that_passes_the_real_gateway PASSED [ 98%]
tests/test_reconcile.py::test_a_dispute_raises_the_price_of_every_later_action PASSED [ 99%]
tests/test_reconcile.py::test_a_dispute_cannot_be_cleared_by_a_later_clean_step PASSED [100%]
============================= 132 passed in 20.30s =============================
